// Jest Snapshot v1, https://goo.gl/fbAQLP

exports[`BannerCarousel renders a BannerCarousel 1`] = `
<div>
  <div
    class="carousel"
  >
    <div
      class="carousel-root"
      tabindex="0"
    >
      <div
        class="carousel carousel-slider"
        style="width: 100%;"
      >
        <ul
          class="control-dots"
        >
          <button
            aria-label="slide item 1"
            class="
				indicator
				selected
			"
            tabindex="0"
            type="button"
            value="0"
          />
        </ul>
        <button
          aria-label="prev"
          class="
					arrow
					prev
				"
          type="button"
        />
        <div
          class="slider-wrapper axis-horizontal"
        >
          <ul
            class="slider animated"
            style="transform: translate3d(-100%,0,0); transition-duration: 350ms;"
          >
            <li
              class="slide selected previous"
            >
              <div>
                <div
                  class="slideContainer"
                >
                  <img
                    alt="title"
                    src="url"
                  />
                </div>
              </div>
            </li>
            <li
              class="slide selected previous"
            >
              <div>
                <div
                  class="slideContainer"
                >
                  <img
                    alt="title"
                    src="url"
                  />
                </div>
              </div>
            </li>
          </ul>
        </div>
        <button
          aria-label="next"
          class="
					arrow
					next
				"
          type="button"
        />
      </div>
    </div>
  </div>
</div>
`;
