// Jest Snapshot v1, https://goo.gl/fbAQLP

exports[`AccordionItem renders an AccordionItem 1`] = `
<div>
  <div>
    <div
      class="section "
      style="height: 0px;"
    >
      <button
        class="accordionButton"
        type="button"
      >
        <h4
          class="title"
        >
          title
        </h4>
        <div
          class="arrowWrapper"
        >
          <svg
            class="null arrow"
            fill="currentColor"
            height="24"
            viewBox="0 0 24 24"
            width="24"
            xmlns="http://www.w3.org/2000/svg"
          >
            <path
              d="M17,9.17a1,1,0,0,0-1.41,0L12,12.71,8.46,9.17a1,1,0,0,0-1.41,0,1,1,0,0,0,0,1.42l4.24,4.24a1,1,0,0,0,1.42,0L17,10.59A1,1,0,0,0,17,9.17Z"
            />
          </svg>
        </div>
      </button>
    </div>
    <div
      class="accordionContainer"
      style="display: none;"
    />
  </div>
</div>
`;
