// Jest Snapshot v1, https://goo.gl/fbAQLP

exports[`MobileNavgation renders a MobileNavgation 1`] = `
<div>
  <div
    class="navigationWrapper false className darkGreen"
    role="button"
    tabindex="0"
  >
    <header
      class="navigationHeader"
    >
      <a
        href="/"
      >
        <img
          alt="logo"
          class="logo"
          data-nimg="1"
          decoding="async"
          height="44"
          src="/images/logo.svg"
          srcset="/images/logo.svg 1x, /images/logo.svg 2x"
          style="color: transparent;"
          width="112"
        />
      </a>
      <button
        class="hamburgerIcon darkGreen"
        type="button"
      >
        <div
          class=""
        />
        <div
          class=""
        />
        <div
          class=""
        />
      </button>
    </header>
    <ul
      class="navigationContainer className false"
    >
      <div
        class="navigationMainLinkWrapper"
      >
        <a
          class="navigationMainLink"
          href="/path"
        >
          <li>
            title
          </li>
        </a>
      </div>
      <div
        class="languageSwitch"
      >
        <div
          class="languageSwitch"
        >
          <button
            class="languageLink activeLang"
            type="button"
          >
            LOCALE
            <svg
              class="false arrow"
              fill="currentColor"
              height="24"
              viewBox="0 0 24 24"
              width="24"
              xmlns="http://www.w3.org/2000/svg"
            >
              <path
                d="M17,9.17a1,1,0,0,0-1.41,0L12,12.71,8.46,9.17a1,1,0,0,0-1.41,0,1,1,0,0,0,0,1.42l4.24,4.24a1,1,0,0,0,1.42,0L17,10.59A1,1,0,0,0,17,9.17Z"
              />
            </svg>
          </button>
          <div
            class="accordionWrapper"
            style="height: 0px;"
          >
            <div
              class="languageLinkWrapper"
            />
          </div>
        </div>
      </div>
    </ul>
  </div>
</div>
`;
